src/application/services/InfrastructureSyncService.ts(35,49): error TS2769: No overload matches this call.
  Overload 1 of 2, '(value: { name: string | SQL<unknown> | Placeholder<string, any>; nodeType: string | SQL<unknown> | Placeholder<string, any>; metadata?: Record<string, unknown> | SQL<...> | Placeholder<...> | null | undefined; id?: number | ... 2 more ... | undefined; version?: number | ... 2 more ... | undefined; createdAt?: SQL<...> | ... 2 more ... | undefined; updatedAt?: SQL<...> | ... 2 more ... | undefined; }): SQLiteInsertBase<...>', gave the following error.
    Type 'string' is not assignable to type 'Record<string, unknown> | SQL<unknown> | Placeholder<string, any> | null | undefined'.
  Overload 2 of 2, '(values: { name: string | SQL<unknown> | Placeholder<string, any>; nodeType: string | SQL<unknown> | Placeholder<string, any>; metadata?: Record<string, unknown> | SQL<...> | Placeholder<...> | null | undefined; id?: number | ... 2 more ... | undefined; version?: number | ... 2 more ... | undefined; createdAt?: SQL<...> | ... 2 more ... | undefined; updatedAt?: SQL<...> | ... 2 more ... | undefined; }[]): SQLiteInsertBase<...>', gave the following error.
    Object literal may only specify known properties, and 'name' does not exist in type '{ name: string | SQL<unknown> | Placeholder<string, any>; nodeType: string | SQL<unknown> | Placeholder<string, any>; metadata?: Record<string, unknown> | SQL<...> | Placeholder<...> | null | undefined; id?: number | ... 2 more ... | undefined; version?: number | ... 2 more ... | undefined; createdAt?: SQL<...> | .....'.
src/application/services/InfrastructureSyncService.ts(69,34): error TS2345: Argument of type '{ version: number; updatedAt: Date; metadata?: string | undefined; nodeType?: string | undefined; }' is not assignable to parameter of type '{ name?: string | SQL<unknown> | SQLiteColumn<ColumnBaseConfig<ColumnDataType, string>, {}, {}> | undefined; nodeType?: string | SQL<...> | SQLiteColumn<...> | undefined; ... 4 more ...; updatedAt?: SQL<...> | ... 2 more ... | undefined; }'.
  Types of property 'metadata' are incompatible.
    Type 'string | undefined' is not assignable to type 'Record<string, unknown> | SQL<unknown> | SQLiteColumn<ColumnBaseConfig<ColumnDataType, string>, {}, {}> | null | undefined'.
      Type 'string' is not assignable to type 'Record<string, unknown> | SQL<unknown> | SQLiteColumn<ColumnBaseConfig<ColumnDataType, string>, {}, {}> | null | undefined'.
src/tests/integration/test_saga_rollback.ts(36,33): error TS2769: No overload matches this call.
  Overload 1 of 2, '(value: { name: string | SQL<unknown> | Placeholder<string, any>; nodeType: string | SQL<unknown> | Placeholder<string, any>; metadata?: Record<string, unknown> | SQL<...> | Placeholder<...> | null | undefined; id?: number | ... 2 more ... | undefined; version?: number | ... 2 more ... | undefined; createdAt?: SQL<...> | ... 2 more ... | undefined; updatedAt?: SQL<...> | ... 2 more ... | undefined; }): SQLiteInsertBase<...>', gave the following error.
    Type 'string' is not assignable to type 'Record<string, unknown> | SQL<unknown> | Placeholder<string, any> | null | undefined'.
  Overload 2 of 2, '(values: { name: string | SQL<unknown> | Placeholder<string, any>; nodeType: string | SQL<unknown> | Placeholder<string, any>; metadata?: Record<string, unknown> | SQL<...> | Placeholder<...> | null | undefined; id?: number | ... 2 more ... | undefined; version?: number | ... 2 more ... | undefined; createdAt?: SQL<...> | ... 2 more ... | undefined; updatedAt?: SQL<...> | ... 2 more ... | undefined; }[]): SQLiteInsertBase<...>', gave the following error.
    Object literal may only specify known properties, and 'name' does not exist in type '{ name: string | SQL<unknown> | Placeholder<string, any>; nodeType: string | SQL<unknown> | Placeholder<string, any>; metadata?: Record<string, unknown> | SQL<...> | Placeholder<...> | null | undefined; id?: number | ... 2 more ... | undefined; version?: number | ... 2 more ... | undefined; createdAt?: SQL<...> | .....'.
src/tests/integration/test_saga_rollback.ts(86,33): error TS2769: No overload matches this call.
  Overload 1 of 2, '(value: { name: string | SQL<unknown> | Placeholder<string, any>; nodeType: string | SQL<unknown> | Placeholder<string, any>; metadata?: Record<string, unknown> | SQL<...> | Placeholder<...> | null | undefined; id?: number | ... 2 more ... | undefined; version?: number | ... 2 more ... | undefined; createdAt?: SQL<...> | ... 2 more ... | undefined; updatedAt?: SQL<...> | ... 2 more ... | undefined; }): SQLiteInsertBase<...>', gave the following error.
    Type 'string' is not assignable to type 'Record<string, unknown> | SQL<unknown> | Placeholder<string, any> | null | undefined'.
  Overload 2 of 2, '(values: { name: string | SQL<unknown> | Placeholder<string, any>; nodeType: string | SQL<unknown> | Placeholder<string, any>; metadata?: Record<string, unknown> | SQL<...> | Placeholder<...> | null | undefined; id?: number | ... 2 more ... | undefined; version?: number | ... 2 more ... | undefined; createdAt?: SQL<...> | ... 2 more ... | undefined; updatedAt?: SQL<...> | ... 2 more ... | undefined; }[]): SQLiteInsertBase<...>', gave the following error.
    Object literal may only specify known properties, and 'name' does not exist in type '{ name: string | SQL<unknown> | Placeholder<string, any>; nodeType: string | SQL<unknown> | Placeholder<string, any>; metadata?: Record<string, unknown> | SQL<...> | Placeholder<...> | null | undefined; id?: number | ... 2 more ... | undefined; version?: number | ... 2 more ... | undefined; createdAt?: SQL<...> | .....'.
src/tests/test_global_memory.ts(34,41): error TS2769: No overload matches this call.
  Overload 1 of 2, '(value: { name: string | SQL<unknown> | Placeholder<string, any>; nodeType: string | SQL<unknown> | Placeholder<string, any>; metadata?: Record<string, unknown> | SQL<...> | Placeholder<...> | null | undefined; id?: number | ... 2 more ... | undefined; version?: number | ... 2 more ... | undefined; createdAt?: SQL<...> | ... 2 more ... | undefined; updatedAt?: SQL<...> | ... 2 more ... | undefined; }): SQLiteInsertBase<...>', gave the following error.
    Type 'string' is not assignable to type 'Record<string, unknown> | SQL<unknown> | Placeholder<string, any> | null | undefined'.
  Overload 2 of 2, '(values: { name: string | SQL<unknown> | Placeholder<string, any>; nodeType: string | SQL<unknown> | Placeholder<string, any>; metadata?: Record<string, unknown> | SQL<...> | Placeholder<...> | null | undefined; id?: number | ... 2 more ... | undefined; version?: number | ... 2 more ... | undefined; createdAt?: SQL<...> | ... 2 more ... | undefined; updatedAt?: SQL<...> | ... 2 more ... | undefined; }[]): SQLiteInsertBase<...>', gave the following error.
    Object literal may only specify known properties, and 'name' does not exist in type '{ name: string | SQL<unknown> | Placeholder<string, any>; nodeType: string | SQL<unknown> | Placeholder<string, any>; metadata?: Record<string, unknown> | SQL<...> | Placeholder<...> | null | undefined; id?: number | ... 2 more ... | undefined; version?: number | ... 2 more ... | undefined; createdAt?: SQL<...> | .....'.
src/tests/test_graph_bridge.ts(27,46): error TS2769: No overload matches this call.
  Overload 1 of 2, '(value: { name: string | SQL<unknown> | Placeholder<string, any>; nodeType: string | SQL<unknown> | Placeholder<string, any>; metadata?: Record<string, unknown> | SQL<...> | Placeholder<...> | null | undefined; id?: number | ... 2 more ... | undefined; version?: number | ... 2 more ... | undefined; createdAt?: SQL<...> | ... 2 more ... | undefined; updatedAt?: SQL<...> | ... 2 more ... | undefined; }): SQLiteInsertBase<...>', gave the following error.
    Argument of type '{ name: string; nodeType: string; metadata: string; }[]' is not assignable to parameter of type '{ name: string | SQL<unknown> | Placeholder<string, any>; nodeType: string | SQL<unknown> | Placeholder<string, any>; metadata?: Record<string, unknown> | SQL<...> | Placeholder<...> | null | undefined; id?: number | ... 2 more ... | undefined; version?: number | ... 2 more ... | undefined; createdAt?: SQL<...> | .....'.
      Type '{ name: string; nodeType: string; metadata: string; }[]' is missing the following properties from type '{ name: string | SQL<unknown> | Placeholder<string, any>; nodeType: string | SQL<unknown> | Placeholder<string, any>; metadata?: Record<string, unknown> | SQL<...> | Placeholder<...> | null | undefined; id?: number | ... 2 more ... | undefined; version?: number | ... 2 more ... | undefined; createdAt?: SQL<...> | .....': name, nodeType
